\BOOKMARK [1][-]{section.1}{\376\377\000O\000v\000e\000r\000v\000i\000e\000w}{}% 1
\BOOKMARK [2][-]{subsection.1.1}{\376\377\000I\000n\000t\000u\000i\000t\000i\000o\000n\000:\000\040\000A\000t\000t\000e\000n\000t\000i\000o\000n\000\040\000a\000s\000\040\000F\000o\000r\000a\000g\000i\000n\000g}{section.1}% 2
\BOOKMARK [1][-]{section.2}{\376\377\000T\000a\000s\000k\000\040\0001\000:\000\040\000P\000a\000r\000i\000t\000y\000\040\000\050\0001\000-\000b\000i\000t\000\040\000s\000t\000a\000t\000e\000\051}{}% 3
\BOOKMARK [1][-]{section.3}{\376\377\000T\000a\000s\000k\000\040\0002\000:\000\040\000C\000u\000m\000u\000l\000a\000t\000i\000v\000e\000\040\000S\000u\000m\000\040\000m\000o\000d\000\040\0001\0006\000\040\000\050\0004\000-\000b\000i\000t\000\040\000s\000t\000a\000t\000e\000\051}{}% 4
\BOOKMARK [1][-]{section.4}{\376\377\000T\000a\000s\000k\000\040\0003\000:\000\040\000B\000r\000a\000c\000k\000e\000t\000\040\000M\000a\000t\000c\000h\000i\000n\000g\000\040\000\050\000s\000t\000r\000u\000c\000t\000u\000r\000e\000d\000\040\000s\000t\000a\000t\000e\000\051}{}% 5
\BOOKMARK [1][-]{section.5}{\376\377\000T\000a\000s\000k\000\040\0004\000:\000\040\000T\000i\000n\000y\000S\000t\000o\000r\000i\000e\000s\000\040\000L\000a\000n\000g\000u\000a\000g\000e\000\040\000M\000o\000d\000e\000l\000l\000i\000n\000g\000\040\000\050\000G\000P\000U\000\051}{}% 6
\BOOKMARK [1][-]{section.6}{\376\377\000T\000i\000n\000y\000S\000t\000o\000r\000i\000e\000s\000\040\000A\000n\000a\000l\000y\000s\000i\000s\000:\000\040\000S\000o\000c\000i\000a\000l\000\040\000F\000i\000e\000l\000d\000\040\000I\000n\000t\000e\000r\000n\000a\000l\000s}{}% 7
\BOOKMARK [2][-]{subsection.6.1}{\376\377\000T\000r\000a\000i\000n\000i\000n\000g\000\040\000D\000y\000n\000a\000m\000i\000c\000s}{section.6}% 8
\BOOKMARK [2][-]{subsection.6.2}{\376\377\000P\000e\000r\000-\000P\000o\000s\000i\000t\000i\000o\000n\000\040\000L\000o\000s\000s\000:\000\040\000W\000h\000e\000r\000e\000\040\000t\000h\000e\000\040\000F\000i\000e\000l\000d\000\040\000H\000e\000l\000p\000s}{section.6}% 9
\BOOKMARK [2][-]{subsection.6.3}{\376\377\000E\000n\000t\000i\000t\000y\000\040\000T\000r\000a\000c\000k\000i\000n\000g}{section.6}% 10
\BOOKMARK [2][-]{subsection.6.4}{\376\377\000F\000i\000e\000l\000d\000\040\000E\000v\000o\000l\000u\000t\000i\000o\000n\000\040\000a\000n\000d\000\040\000H\000e\000a\000d\000\040\000S\000p\000e\000c\000i\000a\000l\000i\000s\000a\000t\000i\000o\000n}{section.6}% 11
\BOOKMARK [2][-]{subsection.6.5}{\376\377\000D\000e\000p\000o\000s\000i\000t\000\040\000S\000e\000l\000e\000c\000t\000i\000v\000i\000t\000y\000:\000\040\000W\000h\000a\000t\000\040\000T\000o\000k\000e\000n\000s\000\040\000W\000r\000i\000t\000e\000\040\000t\000o\000\040\000t\000h\000e\000\040\000F\000i\000e\000l\000d}{section.6}% 12
\BOOKMARK [2][-]{subsection.6.6}{\376\377\000F\000i\000e\000l\000d\000\040\000T\000r\000a\000j\000e\000c\000t\000o\000r\000i\000e\000s\000\040\000i\000n\000\040\000P\000r\000i\000n\000c\000i\000p\000a\000l\000\040\000C\000o\000m\000p\000o\000n\000e\000n\000t\000\040\000S\000p\000a\000c\000e}{section.6}% 13
\BOOKMARK [2][-]{subsection.6.7}{\376\377\000S\000u\000m\000m\000a\000r\000y\000\040\000o\000f\000\040\000A\000n\000a\000l\000y\000s\000i\000s\000\040\000F\000i\000n\000d\000i\000n\000g\000s}{section.6}% 14
\BOOKMARK [1][-]{section.7}{\376\377\000S\000u\000m\000m\000a\000r\000y\000\040\000o\000f\000\040\000F\000i\000n\000d\000i\000n\000g\000s}{}% 15
\BOOKMARK [1][-]{section.8}{\376\377\000R\000e\000s\000e\000a\000r\000c\000h\000\040\000R\000o\000a\000d\000m\000a\000p}{}% 16
\BOOKMARK [2][-]{subsection.8.1}{\376\377\000C\000o\000r\000e\000\040\000A\000r\000g\000u\000m\000e\000n\000t}{section.8}% 17
\BOOKMARK [2][-]{subsection.8.2}{\376\377\000A\000d\000d\000r\000e\000s\000s\000i\000n\000g\000\040\000t\000h\000e\000\040\000S\000e\000q\000u\000e\000n\000t\000i\000a\000l\000\040\000B\000o\000t\000t\000l\000e\000n\000e\000c\000k}{section.8}% 18
\BOOKMARK [2][-]{subsection.8.3}{\376\377\000D\000i\000f\000f\000e\000r\000e\000n\000t\000i\000a\000t\000i\000n\000g\000\040\000f\000r\000o\000m\000\040\000R\000N\000N\000\040\000H\000y\000b\000r\000i\000d\000s}{section.8}% 19
\BOOKMARK [2][-]{subsection.8.4}{\376\377\000P\000h\000a\000s\000e\000\040\0001\000:\000\040\000C\000o\000m\000p\000l\000e\000t\000e\000\040\000T\000o\000y\000\040\000E\000x\000p\000e\000r\000i\000m\000e\000n\000t\000s\000\040\000\050\000d\000a\000y\000s\000\051}{section.8}% 20
\BOOKMARK [2][-]{subsection.8.5}{\376\377\000P\000h\000a\000s\000e\000\040\0002\000:\000\040\000S\000t\000r\000e\000n\000g\000t\000h\000e\000n\000\040\000t\000h\000e\000\040\000C\000a\000p\000a\000b\000i\000l\000i\000t\000y\000\040\000A\000r\000g\000u\000m\000e\000n\000t\000\040\000\050\0001\040\023\0002\000\040\000w\000e\000e\000k\000s\000\051}{section.8}% 21
\BOOKMARK [2][-]{subsection.8.6}{\376\377\000P\000h\000a\000s\000e\000\040\0003\000:\000\040\000G\000P\000U\000\040\000T\000r\000a\000i\000n\000i\000n\000g\000\040\040\024\000\040\000S\000m\000a\000l\000l\000\040\000L\000a\000n\000g\000u\000a\000g\000e\000\040\000M\000o\000d\000e\000l\000\040\000\050\000h\000o\000u\000r\000s\000\040\000o\000n\000\040\000A\0001\0000\0000\000\051}{section.8}% 22
\BOOKMARK [2][-]{subsection.8.7}{\376\377\000P\000h\000a\000s\000e\000\040\0004\000:\000\040\0003\0005\0000\000M\000\040\000S\000c\000a\000l\000e\000-\000U\000p\000\040\000o\000n\000\040\000O\000p\000e\000n\000W\000e\000b\000T\000e\000x\000t\000\040\000\050\000\044\0001\0000\0000\000\040\000G\000P\000U\000\040\000b\000u\000d\000g\000e\000t\000\051}{section.8}% 23
\BOOKMARK [2][-]{subsection.8.8}{\376\377\000P\000h\000a\000s\000e\000\040\0005\000:\000\040\000S\000t\000i\000g\000m\000e\000r\000g\000i\000c\000\040\000I\000n\000s\000t\000r\000u\000c\000t\000i\000o\000n\000\040\000T\000u\000n\000i\000n\000g\000\040\000\050\000h\000o\000u\000r\000s\000,\000\040\000s\000a\000m\000e\000\040\000G\000P\000U\000\051}{section.8}% 24
\BOOKMARK [3][-]{subsubsection.8.8.1}{\376\377\000S\000e\000l\000e\000c\000t\000i\000v\000e\000\040\000C\000h\000a\000n\000n\000e\000l\000\040\000T\000u\000n\000i\000n\000g}{subsection.8.8}% 25
\BOOKMARK [3][-]{subsubsection.8.8.2}{\376\377\000A\000d\000a\000p\000t\000i\000v\000e\000\040\000E\000v\000a\000p\000o\000r\000a\000t\000i\000o\000n}{subsection.8.8}% 26
\BOOKMARK [3][-]{subsubsection.8.8.3}{\376\377\000F\000i\000e\000l\000d\000\040\000a\000s\000\040\000W\000o\000r\000k\000i\000n\000g\000\040\000M\000e\000m\000o\000r\000y\000\040\000f\000o\000r\000\040\000M\000u\000l\000t\000i\000-\000S\000t\000e\000p\000\040\000R\000e\000a\000s\000o\000n\000i\000n\000g}{subsection.8.8}% 27
\BOOKMARK [3][-]{subsubsection.8.8.4}{\376\377\000T\000e\000s\000t\000a\000b\000l\000e\000\040\000P\000r\000e\000d\000i\000c\000t\000i\000o\000n}{subsection.8.8}% 28
\BOOKMARK [2][-]{subsection.8.9}{\376\377\000P\000h\000a\000s\000e\000\040\0006\000:\000\040\000S\000t\000i\000g\000m\000e\000r\000g\000i\000c\000\040\000M\000i\000x\000t\000u\000r\000e\000\040\000o\000f\000\040\000E\000x\000p\000e\000r\000t\000s\000\040\000\050\000f\000u\000t\000u\000r\000e\000\051}{section.8}% 29
\BOOKMARK [3][-]{subsubsection.8.9.1}{\376\377\000T\000h\000e\000\040\000C\000o\000o\000r\000d\000i\000n\000a\000t\000i\000o\000n\000\040\000G\000a\000p}{subsection.8.9}% 30
\BOOKMARK [3][-]{subsubsection.8.9.2}{\376\377\000A\000r\000c\000h\000i\000t\000e\000c\000t\000u\000r\000e}{subsection.8.9}% 31
\BOOKMARK [3][-]{subsubsection.8.9.3}{\376\377\000E\000m\000e\000r\000g\000e\000n\000t\000\040\000T\000y\000p\000e\000d\000\040\000C\000o\000m\000m\000u\000n\000i\000c\000a\000t\000i\000o\000n}{subsection.8.9}% 32
\BOOKMARK [3][-]{subsubsection.8.9.4}{\376\377\000E\000x\000p\000e\000c\000t\000e\000d\000\040\000B\000e\000n\000e\000f\000i\000t\000s}{subsection.8.9}% 33
\BOOKMARK [3][-]{subsubsection.8.9.5}{\376\377\000C\000o\000n\000n\000e\000c\000t\000i\000o\000n\000\040\000t\000o\000\040\000I\000n\000s\000t\000r\000u\000c\000t\000i\000o\000n\000\040\000T\000u\000n\000i\000n\000g\000\040\000\050\000P\000h\000a\000s\000e\000\040\0005\000\051}{subsection.8.9}% 34
\BOOKMARK [3][-]{subsubsection.8.9.6}{\376\377\000T\000e\000s\000t\000a\000b\000l\000e\000\040\000P\000r\000e\000d\000i\000c\000t\000i\000o\000n}{subsection.8.9}% 35
\BOOKMARK [2][-]{subsection.8.10}{\376\377\000P\000h\000a\000s\000e\000\040\0007\000:\000\040\000P\000u\000b\000l\000i\000c\000a\000t\000i\000o\000n\000-\000Q\000u\000a\000l\000i\000t\000y\000\040\000R\000e\000s\000u\000l\000t\000s\000\040\000\050\000m\000o\000n\000t\000h\000s\000\051}{section.8}% 36
\BOOKMARK [2][-]{subsection.8.11}{\376\377\000W\000h\000a\000t\000\040\000W\000o\000u\000l\000d\000\040\000B\000e\000\040\000M\000o\000s\000t\000\040\000P\000u\000b\000l\000i\000s\000h\000a\000b\000l\000e}{section.8}% 37
\BOOKMARK [1][-]{section.9}{\376\377\000R\000e\000l\000a\000t\000e\000d\000\040\000W\000o\000r\000k\000\040\000a\000n\000d\000\040\000R\000e\000f\000e\000r\000e\000n\000c\000e\000\040\000N\000o\000t\000e\000s}{}% 38
\BOOKMARK [2][-]{subsection.9.1}{\376\377\000G\000r\000o\000k\000k\000i\000n\000g}{section.9}% 39
\BOOKMARK [2][-]{subsection.9.2}{\376\377\000L\000o\000t\000t\000e\000r\000y\000\040\000T\000i\000c\000k\000e\000t\000\040\000H\000y\000p\000o\000t\000h\000e\000s\000i\000s}{section.9}% 40
\BOOKMARK [2][-]{subsection.9.3}{\376\377\000R\000e\000n\000o\000r\000m\000a\000l\000i\000s\000a\000t\000i\000o\000n\000\040\000G\000r\000o\000u\000p\000\040\000a\000n\000d\000\040\000P\000e\000r\000c\000o\000l\000a\000t\000i\000o\000n\000\040\000i\000n\000\040\000D\000e\000e\000p\000\040\000L\000e\000a\000r\000n\000i\000n\000g}{section.9}% 41
